Microchip MPLAB XC8 Compiler V1.34 ()

Linker command line:

--edf=/opt/microchip/xc8/v1.34/dat/en_msgs.txt -cs \
  -h+dist/default/production/Stativ_Cristal_Timer.X.production.sym \
  --cmf=dist/default/production/Stativ_Cristal_Timer.X.production.cmf -z \
  -Q18F13K22 -o/tmp/cgtZG2IvR \
  -Mdist/default/production/Stativ_Cristal_Timer.X.production.map -E1 \
  -ver=XC8 -ASTACK=0A0h-0ffh -pstack=STACK -ACODE=00h-01FFFh \
  -ACONST=00h-01FFFh -ASMALLCONST=0100h-01FFhx31 -AMEDIUMCONST=0100h-01FFFh \
  -ACOMRAM=01h-05Fh -AABS1=00h-0FFh -ABIGRAM=01h-0FFh -ARAM=060h-0FFh \
  -ABANK0=060h-0FFh -ASFR=0F60h-0FFFh \
  -preset_vec=00h,intcode=08h,intcodelo=018h,powerup,init,end_init \
  -pramtop=0100h -psmallconst=SMALLCONST -pmediumconst=MEDIUMCONST \
  -pconst=CONST -AFARRAM=00h-00h -ACONFIG=0300000h-030000Dh -pconfig=CONFIG \
  -AIDLOC=0200000h-0200007h -pidloc=IDLOC -AEEDATA=0F00000h-0F000FFh \
  -peeprom_data=EEDATA \
  -prdata=COMRAM,nvrram=COMRAM,nvbit=COMRAM,rbss=COMRAM,rbit=COMRAM \
  -pfarbss=FARRAM,fardata=FARRAM,nvFARRAM=FARRAM \
  -pintsave_regs=BIGRAM,bigbss=BIGRAM,bigdata=BIGRAM -pbss=RAM \
  -pidata=CODE,irdata=CODE,ibigdata=CODE,ifardata=CODE -prparam=COMRAM \
  /tmp/cgtSisphW.obj \
  dist/default/production/Stativ_Cristal_Timer.X.production.obj 

Object code version is 3.11

Machine type is 18F13K22

Call graph: (short form)




                Name                               Link     Load   Length Selector   Space Scale
/tmp/cgtSisphW.obj
                end_init                             AE       AE        4        C       0
                reset_vec                             0        0        4        0       0
                idloc                            200000   200000        8   200000       0
                config                           300000   300000        E   300000       0
dist/default/production/Stativ_Cristal_Timer.X.production.obj
                intcodelo                            18       18       96        C       0
                intcode                               8        8       10        4       0
                text16                              312      312       38        C       0
                text15                               B2       B2       F6        C       0
                text14                              29A      29A       40        C       0
                intcode_body                        1A8      1A8       72        C       0
                text12                              3CE      3CE       18        C       0
                text11                              372      372       24        C       0
                text9                               3FC      3FC       16        C       0
                text8                               3B4      3B4       1A        C       0
                text7                               42A      42A        8        C       0
                text6                               412      412        E        C       0
                text5                               34A      34A       28        C       0
                text4                               432      432        4        C       0
                text3                               396      396       1E        C       0
                text2                               3E6      3E6       16        C       0
                text1                               2DA      2DA       38        C       0
                text0                               420      420        A        C       0
                cstackCOMRAM                          1        1       2B        1       1
                dataBANK0                            60       60       40       60       1
                dataCOMRAM                           35       35        1        1       1
                bssCOMRAM                            33       33        2        1       1
                cinit                               25A      25A       40        C       0
                nvCOMRAM                             2C       2C        7        1       1
                idataBANK0                          21A      21A       40        C       0
                idataCOMRAM                         436      436        1        C       0

TOTAL           Name                               Link     Load   Length     Space
        CLASS   STACK          

        CLASS   CODE           
                end_init                             AE       AE        4         0
                intcodelo                            18       18       96         0
                intcode                               8        8       10         0
                reset_vec                             0        0        4         0
                text16                              312      312       38         0
                text15                               B2       B2       F6         0
                text14                              29A      29A       40         0
                intcode_body                        1A8      1A8       72         0
                text12                              3CE      3CE       18         0
                text11                              372      372       24         0
                text9                               3FC      3FC       16         0
                text8                               3B4      3B4       1A         0
                text7                               42A      42A        8         0
                text6                               412      412        E         0
                text5                               34A      34A       28         0
                text4                               432      432        4         0
                text3                               396      396       1E         0
                text2                               3E6      3E6       16         0
                text1                               2DA      2DA       38         0
                text0                               420      420        A         0
                cinit                               25A      25A       40         0
                idataBANK0                          21A      21A       40         0
                idataCOMRAM                         436      436        1         0

        CLASS   CONST          

        CLASS   SMALLCONST     

        CLASS   MEDIUMCONST    

        CLASS   COMRAM         
                cstackCOMRAM                          1        1       2B         1
                dataCOMRAM                           35       35        1         1
                bssCOMRAM                            33       33        2         1
                nvCOMRAM                             2C       2C        7         1

        CLASS   ABS1           

        CLASS   BIGRAM         

        CLASS   RAM            

        CLASS   BANK0          
                dataBANK0                            60       60       40         1

        CLASS   SFR            

        CLASS   FARRAM         

        CLASS   CONFIG         
                config                           300000   300000        E         0

        CLASS   IDLOC          
                idloc                            200000   200000        8         0

        CLASS   EEDATA         



SEGMENTS        Name                           Load    Length   Top    Selector   Space  Class

                reset_vec                      000000  000004  000004         0       0  CODE    
                cstackCOMRAM                   000001  000035  000036         1       1  COMRAM  
                intcode                        000008  000010  000018         4       0  CODE    
                intcodelo                      000018  00041F  000437         C       0  CODE    
                dataBANK0                      000060  000040  0000A0        60       1  BANK0   
                idloc                          200000  000008  200008    200000       0  IDLOC   
                config                         300000  00000E  30000E    300000       0  CONFIG  


UNUSED ADDRESS RANGES

        Name                Unused          Largest block    Delta
        BANK0            0000A0-0000FF               60
        BIGRAM           000036-00005F               2A
                         0000A0-0000FF               60
        CODE             000004-000007                4
                         000437-001FFF             1BC9
        COMRAM           000036-00005F               2A
        CONST            000004-000007                4
                         000437-001FFF             1BC9
        EEDATA           F00000-F000FF              100
        MEDIUMCONST      000437-001FFF             1BC9
        RAM              0000A0-0000FF               60
        SFR              000F60-000FFF               A0
        SMALLCONST       000437-001FFF              100
        STACK            0000A0-0000FF               60

                                  Symbol Table

DATAEE_ReadByte@bAdd                     cstackCOMRAM 000029
DATAEE_WriteByte@GIEBitValue             cstackCOMRAM 000016
DATAEE_WriteByte@bAdd                    cstackCOMRAM 000015
DATAEE_WriteByte@bData                   cstackCOMRAM 000014
I2C_ISR@i2c_data                         cstackCOMRAM 00001A
I2C_StatusCallback@EEPROM_Buffer         dataBANK0    000060
I2C_StatusCallback@command               bssCOMRAM    000033
I2C_StatusCallback@i2c_bus_state         cstackCOMRAM 000019
I2C_StatusCallback@slaveWriteType        bssCOMRAM    000034
_ANSEL                                   (abs)        000F7E
_ANSELH                                  (abs)        000F7F
_DATAEE_ReadByte                         text9        0003FC
_DATAEE_WriteByte                        text16       000312
_EEADR                                   (abs)        000FA9
_EECON1bits                              (abs)        000FA6
_EECON2                                  (abs)        000FA7
_EEDATA                                  (abs)        000FA8
_I2C_ISR                                 text14       00029A
_I2C_Initialize                          text8        0003B4
_I2C_StatusCallback                      text15       0000B2
_I2C_slaveWriteData                      dataCOMRAM   000035
_INTCON2bits                             (abs)        000FF1
_INTCONbits                              (abs)        000FF2
_INTERRUPT_Initialize                    text7        00042A
_INTERRUPT_InterruptManagerHigh          intcode      000008
_INTERRUPT_InterruptManagerLow           intcodelo    000018
_IPR1bits                                (abs)        000F9F
_LATA                                    (abs)        000F89
_LATAbits                                (abs)        000F89
_LATB                                    (abs)        000F8A
_LATC                                    (abs)        000F8B
_OSCCON                                  (abs)        000FD3
_OSCCON2                                 (abs)        000FD2
_OSCILLATOR_Initialize                   text6        000412
_OSCTUNE                                 (abs)        000F9B
_PIE1bits                                (abs)        000F9D
_PIN_MANAGER_Initialize                  text5        00034A
_PIR1bits                                (abs)        000F9E
_RCONbits                                (abs)        000FD0
_SSPADD                                  (abs)        000FC8
_SSPBUF                                  (abs)        000FC9
_SSPCON1                                 (abs)        000FC6
_SSPCON1bits                             (abs)        000FC6
_SSPCON2                                 (abs)        000FC5
_SSPCON2bits                             (abs)        000FC5
_SSPMSK                                  (abs)        000F6F
_SSPSTAT                                 (abs)        000FC7
_SSPSTATbits                             (abs)        000FC7
_SYSTEM_Initialize                       text2        0003E6
_T0CON                                   (abs)        000FD5
_T0CONbits                               (abs)        000FD5
_TABLAT                                  (abs)        000FF5
_TBLPTRH                                 (abs)        000FF7
_TBLPTRL                                 (abs)        000FF6
_TBLPTRU                                 (abs)        000FF8
_TMR0H                                   (abs)        000FD7
_TMR0L                                   (abs)        000FD6
_TMR0_CallBack                           text12       0003CE
_TMR0_ISR                                text11       000372
_TMR0_Initialize                         text3        000396
_TMR0_StartTimer                         text4        000432
_TRISA                                   (abs)        000F92
_TRISB                                   (abs)        000F93
_TRISC                                   (abs)        000F94
_WPUA                                    (abs)        000F77
_WPUB                                    (abs)        000F78
__CFG_BBSIZ$OFF                          (abs)        000000
__CFG_BOREN$OFF                          (abs)        000000
__CFG_BORV$19                            (abs)        000000
__CFG_CP0$OFF                            (abs)        000000
__CFG_CP1$OFF                            (abs)        000000
__CFG_CPB$OFF                            (abs)        000000
__CFG_CPD$OFF                            (abs)        000000
__CFG_DEBUG$ON                           (abs)        000000
__CFG_EBTR0$OFF                          (abs)        000000
__CFG_EBTR1$OFF                          (abs)        000000
__CFG_EBTRB$OFF                          (abs)        000000
__CFG_FCMEN$OFF                          (abs)        000000
__CFG_FOSC$ECM                           (abs)        000000
__CFG_HFOFST$ON                          (abs)        000000
__CFG_IESO$ON                            (abs)        000000
__CFG_LVP$OFF                            (abs)        000000
__CFG_MCLRE$ON                           (abs)        000000
__CFG_PCLKEN$ON                          (abs)        000000
__CFG_PLLEN$OFF                          (abs)        000000
__CFG_PWRTEN$OFF                         (abs)        000000
__CFG_STVREN$ON                          (abs)        000000
__CFG_WDTEN$OFF                          (abs)        000000
__CFG_WDTPS$32768                        (abs)        000000
__CFG_WRT0$OFF                           (abs)        000000
__CFG_WRT1$OFF                           (abs)        000000
__CFG_WRTB$OFF                           (abs)        000000
__CFG_WRTC$OFF                           (abs)        000000
__CFG_WRTD$OFF                           (abs)        000000
__CFG_XINST$OFF                          (abs)        000000
__HRAM                                   (abs)        000000
__Habs1                                  abs1         000000
__Hbank0                                 bank0        000000
__Hbigbss                                bigbss       000000
__Hbigdata                               bigdata      000000
__Hbigram                                bigram       000000
__Hbss                                   bss          000000
__HbssCOMRAM                             bssCOMRAM    000000
__Hcinit                                 cinit        000000
__Hclrtext                               clrtext      000000
__Hcomram                                comram       000000
__Hconfig                                config       30000E
__Hconst                                 const        000000
__HcstackCOMRAM                          cstackCOMRAM 000000
__Hdata                                  data         000000
__HdataBANK0                             dataBANK0    000000
__HdataCOMRAM                            dataCOMRAM   000000
__Heeprom_data                           eeprom_data  000000
__Hend_init                              end_init     0000B2
__Hfarbss                                farbss       000000
__Hfardata                               fardata      000000
__Hibigdata                              ibigdata     000000
__Hidata                                 idata        000000
__HidataBANK0                            idataBANK0   000000
__HidataCOMRAM                           idataCOMRAM  000000
__Hidloc                                 idloc        200008
__Hifardata                              ifardata     000000
__Hinit                                  init         0000AE
__Hintcode                               intcode      000018
__Hintcode_body                          intcode_body 000000
__Hintcodelo                             intcodelo    0000AE
__Hintentry                              intentry     000000
__Hintret                                intret       000000
__Hintsave_regs                          intsave_regs 000000
__Hirdata                                irdata       000000
__Hmediumconst                           mediumconst  000000
__HnvCOMRAM                              nvCOMRAM     000000
__HnvFARRAM                              nvFARRAM     000000
__Hnvbit                                 nvbit        000000
__Hnvrram                                nvrram       000000
__Hparam                                 rparam       000000
__Hpowerup                               powerup      0000AE
__Hram                                   ram          000000
__Hramtop                                ramtop       000100
__Hrbit                                  rbit         000000
__Hrbss                                  rbss         000000
__Hrdata                                 rdata        000000
__Hreset_vec                             reset_vec    000004
__Hrparam                                rparam       000000
__Hsfr                                   sfr          000000
__Hsmallconst                            smallconst   000000
__Hspace_0                               (abs)        30000E
__Hspace_1                               (abs)        0000A0
__Hspace_2                               (abs)        000000
__Hstack                                 stack        000000
__Hstruct                                struct       000000
__Htemp                                  temp         000000
__Htext                                  text         000000
__Htext0                                 text0        000000
__Htext1                                 text1        000000
__Htext11                                text11       000000
__Htext12                                text12       000000
__Htext14                                text14       000000
__Htext15                                text15       000000
__Htext16                                text16       000000
__Htext2                                 text2        000000
__Htext3                                 text3        000000
__Htext4                                 text4        000000
__Htext5                                 text5        000000
__Htext6                                 text6        000000
__Htext7                                 text7        000000
__Htext8                                 text8        000000
__Htext9                                 text9        000000
__LRAM                                   (abs)        000001
__Labs1                                  abs1         000000
__Lbank0                                 bank0        000000
__Lbigbss                                bigbss       000000
__Lbigdata                               bigdata      000000
__Lbigram                                bigram       000000
__Lbss                                   bss          000000
__LbssCOMRAM                             bssCOMRAM    000000
__Lcinit                                 cinit        000000
__Lclrtext                               clrtext      000000
__Lcomram                                comram       000000
__Lconfig                                config       300000
__Lconst                                 const        000000
__LcstackCOMRAM                          cstackCOMRAM 000000
__Ldata                                  data         000000
__LdataBANK0                             dataBANK0    000000
__LdataCOMRAM                            dataCOMRAM   000000
__Leeprom_data                           eeprom_data  000000
__Lend_init                              end_init     0000AE
__Lfarbss                                farbss       000000
__Lfardata                               fardata      000000
__Libigdata                              ibigdata     000000
__Lidata                                 idata        000000
__LidataBANK0                            idataBANK0   000000
__LidataCOMRAM                           idataCOMRAM  000000
__Lidloc                                 idloc        200000
__Lifardata                              ifardata     000000
__Linit                                  init         0000AE
__Lintcode                               intcode      000008
__Lintcode_body                          intcode_body 000000
__Lintcodelo                             intcodelo    000018
__Lintentry                              intentry     000000
__Lintret                                intret       000000
__Lintsave_regs                          intsave_regs 000000
__Lirdata                                irdata       000000
__Lmediumconst                           mediumconst  000000
__LnvCOMRAM                              nvCOMRAM     000000
__LnvFARRAM                              nvFARRAM     000000
__Lnvbit                                 nvbit        000000
__Lnvrram                                nvrram       000000
__Lparam                                 rparam       000000
__Lpowerup                               powerup      0000AE
__Lram                                   ram          000000
__Lramtop                                ramtop       000100
__Lrbit                                  rbit         000000
__Lrbss                                  rbss         000000
__Lrdata                                 rdata        000000
__Lreset_vec                             reset_vec    000000
__Lrparam                                rparam       000000
__Lsfr                                   sfr          000000
__Lsmallconst                            smallconst   000000
__Lspace_0                               (abs)        000000
__Lspace_1                               (abs)        000000
__Lspace_2                               (abs)        000000
__Lstack                                 stack        000000
__Lstruct                                struct       000000
__Ltemp                                  temp         000000
__Ltext                                  text         000000
__Ltext0                                 text0        000000
__Ltext1                                 text1        000000
__Ltext11                                text11       000000
__Ltext12                                text12       000000
__Ltext14                                text14       000000
__Ltext15                                text15       000000
__Ltext16                                text16       000000
__Ltext2                                 text2        000000
__Ltext3                                 text3        000000
__Ltext4                                 text4        000000
__Ltext5                                 text5        000000
__Ltext6                                 text6        000000
__Ltext7                                 text7        000000
__Ltext8                                 text8        000000
__Ltext9                                 text9        000000
__S0                                     (abs)        30000E
__S1                                     (abs)        0000A0
__S2                                     (abs)        000000
___inthi_sp                              stack        000000
___intlo_sp                              stack        000000
___param_bank                            (abs)        000010
___rparam_used                           (abs)        000001
___sp                                    stack        000000
__accesstop                              (abs)        000060
__activetblptr                           (abs)        000002
__end_of_DATAEE_ReadByte                 text9        000412
__end_of_DATAEE_WriteByte                text16       00034A
__end_of_I2C_ISR                         text14       0002DA
__end_of_I2C_Initialize                  text8        0003CE
__end_of_I2C_StatusCallback              text15       0001A8
__end_of_INTERRUPT_Initialize            text7        000432
__end_of_INTERRUPT_InterruptManagerHigh  intcode_body 00021A
__end_of_INTERRUPT_InterruptManagerLow   intcodelo    0000AE
__end_of_OSCILLATOR_Initialize           text6        000420
__end_of_PIN_MANAGER_Initialize          text5        000372
__end_of_SYSTEM_Initialize               text2        0003FC
__end_of_TMR0_CallBack                   text12       0003E6
__end_of_TMR0_ISR                        text11       000396
__end_of_TMR0_Initialize                 text3        0003B4
__end_of_TMR0_StartTimer                 text4        000436
__end_of__initialization                 cinit        000290
__end_of_main                            text0        00042A
__end_of_setup                           text1        000312
__initialization                         cinit        00025A
__mediumconst                            mediumconst  000000
__pbssCOMRAM                             bssCOMRAM    000033
__pcinit                                 cinit        00025A
__pcstackCOMRAM                          cstackCOMRAM 000001
__pdataBANK0                             dataBANK0    000060
__pdataCOMRAM                            dataCOMRAM   000035
__pidataBANK0                            idataBANK0   00021A
__pidataCOMRAM                           idataCOMRAM  000436
__pintcode                               intcode      000008
__pintcode_body                          intcode_body 0001A8
__pintcodelo                             intcodelo    000018
__pnvCOMRAM                              nvCOMRAM     00002C
__ptext0                                 text0        000420
__ptext1                                 text1        0002DA
__ptext11                                text11       000372
__ptext12                                text12       0003CE
__ptext14                                text14       00029A
__ptext15                                text15       0000B2
__ptext16                                text16       000312
__ptext2                                 text2        0003E6
__ptext3                                 text3        000396
__ptext4                                 text4        000432
__ptext5                                 text5        00034A
__ptext6                                 text6        000412
__ptext7                                 text7        00042A
__ptext8                                 text8        0003B4
__ptext9                                 text9        0003FC
__ramtop                                 ramtop       000100
__size_of_DATAEE_ReadByte                (abs)        000000
__size_of_DATAEE_WriteByte               (abs)        000000
__size_of_I2C_ISR                        (abs)        000000
__size_of_I2C_Initialize                 (abs)        000000
__size_of_I2C_StatusCallback             (abs)        000000
__size_of_INTERRUPT_Initialize           (abs)        000000
__size_of_INTERRUPT_InterruptManagerHigh (abs)        000000
__size_of_INTERRUPT_InterruptManagerLow  (abs)        000000
__size_of_OSCILLATOR_Initialize          (abs)        000000
__size_of_PIN_MANAGER_Initialize         (abs)        000000
__size_of_SYSTEM_Initialize              (abs)        000000
__size_of_TMR0_CallBack                  (abs)        000000
__size_of_TMR0_ISR                       (abs)        000000
__size_of_TMR0_Initialize                (abs)        000000
__size_of_TMR0_StartTimer                (abs)        000000
__size_of_main                           (abs)        000000
__size_of_setup                          (abs)        000000
__smallconst                             smallconst   000000
_main                                    text0        000420
_preloadOffset                           nvCOMRAM     00002C
_preloadOffsetH                          nvCOMRAM     000030
_preloadOffsetL                          nvCOMRAM     000031
_setup                                   text1        0002DA
_timer0ReloadVal16bit                    nvCOMRAM     00002E
_toggle                                  nvCOMRAM     000032
end_of_initialization                    cinit        000290
int_func                                 intcode_body 0001A8
intlevel0                                text         000000
intlevel1                                text         000000
intlevel2                                text         000000
intlevel3                                text         000000
stackhi                                  (abs)        0000FF
stacklo                                  (abs)        0000A0
start                                    init         0000AE
start_initialization                     cinit        00025A


FUNCTION INFORMATION:

 *************** function _main *****************
 Defined at:
		line 36 in file "main.c"
 Parameters:    Size  Location     Type
		None
 Auto vars:     Size  Location     Type
		None
 Return value:  Size  Location     Type
                  2  280[None  ] int 
 Registers used:
		wreg, status,2, status,0, cstack
 Tracked objects:
		On entry : 
		On exit  : 
		Unchanged: 
 Data sizes:     COMRAM   BANK0
      Params:         0       0
      Locals:         0       0
      Temps:          0       0
      Totals:         0       0
Total ram usage:        0 bytes
 Hardware stack levels required when called:   11
 This function calls:
		_setup
 This function is called by:
		Startup code after reset
 This function uses a non-reentrant model


 *************** function _setup *****************
 Defined at:
		line 13 in file "main.c"
 Parameters:    Size  Location     Type
		None
 Auto vars:     Size  Location     Type
		None
 Return value:  Size  Location     Type
		None               void
 Registers used:
		wreg, status,2, status,0, cstack
 Tracked objects:
		On entry : 
		On exit  : 
		Unchanged: 
 Data sizes:     COMRAM   BANK0
      Params:         0       0
      Locals:         0       0
      Temps:          2       0
      Totals:         2       0
Total ram usage:        2 bytes
 Hardware stack levels used:    1
 Hardware stack levels required when called:   10
 This function calls:
		_DATAEE_ReadByte
		_SYSTEM_Initialize
 This function is called by:
		_main
 This function uses a non-reentrant model


 *************** function _SYSTEM_Initialize *****************
 Defined at:
		line 102 in file "mcc_generated_files/mcc.c"
 Parameters:    Size  Location     Type
		None
 Auto vars:     Size  Location     Type
		None
 Return value:  Size  Location     Type
		None               void
 Registers used:
		wreg, status,2, cstack
 Tracked objects:
		On entry : 
		On exit  : 
		Unchanged: 
 Data sizes:     COMRAM   BANK0
      Params:         0       0
      Locals:         0       0
      Temps:          0       0
      Totals:         0       0
Total ram usage:        0 bytes
 Hardware stack levels used:    1
 Hardware stack levels required when called:    9
 This function calls:
		_I2C_Initialize
		_INTERRUPT_Initialize
		_OSCILLATOR_Initialize
		_PIN_MANAGER_Initialize
		_TMR0_Initialize
 This function is called by:
		_setup
 This function uses a non-reentrant model


 *************** function _TMR0_Initialize *****************
 Defined at:
		line 65 in file "mcc_generated_files/tmr0.c"
 Parameters:    Size  Location     Type
		None
 Auto vars:     Size  Location     Type
		None
 Return value:  Size  Location     Type
		None               void
 Registers used:
		wreg, status,2, cstack
 Tracked objects:
		On entry : 
		On exit  : 
		Unchanged: 
 Data sizes:     COMRAM   BANK0
      Params:         0       0
      Locals:         0       0
      Temps:          0       0
      Totals:         0       0
Total ram usage:        0 bytes
 Hardware stack levels used:    1
 Hardware stack levels required when called:    8
 This function calls:
		_TMR0_StartTimer
 This function is called by:
		_SYSTEM_Initialize
 This function uses a non-reentrant model


 *************** function _TMR0_StartTimer *****************
 Defined at:
		line 90 in file "mcc_generated_files/tmr0.c"
 Parameters:    Size  Location     Type
		None
 Auto vars:     Size  Location     Type
		None
 Return value:  Size  Location     Type
		None               void
 Registers used:
		None
 Tracked objects:
		On entry : 
		On exit  : 
		Unchanged: 
 Data sizes:     COMRAM   BANK0
      Params:         0       0
      Locals:         0       0
      Temps:          0       0
      Totals:         0       0
Total ram usage:        0 bytes
 Hardware stack levels used:    1
 Hardware stack levels required when called:    7
 This function calls:
		Nothing
 This function is called by:
		_TMR0_Initialize
 This function uses a non-reentrant model


 *************** function _PIN_MANAGER_Initialize *****************
 Defined at:
		line 50 in file "mcc_generated_files/pin_manager.c"
 Parameters:    Size  Location     Type
		None
 Auto vars:     Size  Location     Type
		None
 Return value:  Size  Location     Type
		None               void
 Registers used:
		wreg, status,2
 Tracked objects:
		On entry : 
		On exit  : 
		Unchanged: 
 Data sizes:     COMRAM   BANK0
      Params:         0       0
      Locals:         0       0
      Temps:          0       0
      Totals:         0       0
Total ram usage:        0 bytes
 Hardware stack levels used:    1
 Hardware stack levels required when called:    7
 This function calls:
		Nothing
 This function is called by:
		_SYSTEM_Initialize
 This function uses a non-reentrant model


 *************** function _OSCILLATOR_Initialize *****************
 Defined at:
		line 110 in file "mcc_generated_files/mcc.c"
 Parameters:    Size  Location     Type
		None
 Auto vars:     Size  Location     Type
		None
 Return value:  Size  Location     Type
		None               void
 Registers used:
		wreg, status,2
 Tracked objects:
		On entry : 
		On exit  : 
		Unchanged: 
 Data sizes:     COMRAM   BANK0
      Params:         0       0
      Locals:         0       0
      Temps:          0       0
      Totals:         0       0
Total ram usage:        0 bytes
 Hardware stack levels used:    1
 Hardware stack levels required when called:    7
 This function calls:
		Nothing
 This function is called by:
		_SYSTEM_Initialize
 This function uses a non-reentrant model


 *************** function _INTERRUPT_Initialize *****************
 Defined at:
		line 52 in file "mcc_generated_files/interrupt_manager.c"
 Parameters:    Size  Location     Type
		None
 Auto vars:     Size  Location     Type
		None
 Return value:  Size  Location     Type
		None               void
 Registers used:
		None
 Tracked objects:
		On entry : 
		On exit  : 
		Unchanged: 
 Data sizes:     COMRAM   BANK0
      Params:         0       0
      Locals:         0       0
      Temps:          0       0
      Totals:         0       0
Total ram usage:        0 bytes
 Hardware stack levels used:    1
 Hardware stack levels required when called:    7
 This function calls:
		Nothing
 This function is called by:
		_SYSTEM_Initialize
 This function uses a non-reentrant model


 *************** function _I2C_Initialize *****************
 Defined at:
		line 86 in file "mcc_generated_files/i2c.c"
 Parameters:    Size  Location     Type
		None
 Auto vars:     Size  Location     Type
		None
 Return value:  Size  Location     Type
		None               void
 Registers used:
		wreg, status,2
 Tracked objects:
		On entry : 
		On exit  : 
		Unchanged: 
 Data sizes:     COMRAM   BANK0
      Params:         0       0
      Locals:         0       0
      Temps:          0       0
      Totals:         0       0
Total ram usage:        0 bytes
 Hardware stack levels used:    1
 Hardware stack levels required when called:    7
 This function calls:
		Nothing
 This function is called by:
		_SYSTEM_Initialize
 This function uses a non-reentrant model


 *************** function _DATAEE_ReadByte *****************
 Defined at:
		line 174 in file "mcc_generated_files/memory.c"
 Parameters:    Size  Location     Type
  bAdd            1    wreg     unsigned char 
 Auto vars:     Size  Location     Type
  bAdd            1   40[COMRAM] unsigned char 
 Return value:  Size  Location     Type
                  1    wreg      unsigned char 
 Registers used:
		wreg, status,2
 Tracked objects:
		On entry : 
		On exit  : 
		Unchanged: 
 Data sizes:     COMRAM   BANK0
      Params:         0       0
      Locals:         1       0
      Temps:          0       0
      Totals:         1       0
Total ram usage:        1 bytes
 Hardware stack levels used:    1
 Hardware stack levels required when called:    7
 This function calls:
		Nothing
 This function is called by:
		_setup
 This function uses a non-reentrant model


 *************** function _INTERRUPT_InterruptManagerLow *****************
 Defined at:
		line 75 in file "mcc_generated_files/interrupt_manager.c"
 Parameters:    Size  Location     Type
		None
 Auto vars:     Size  Location     Type
		None
 Return value:  Size  Location     Type
		None               void
 Registers used:
		wreg, status,2, status,0, cstack
 Tracked objects:
		On entry : 
		On exit  : 
		Unchanged: 
 Data sizes:     COMRAM   BANK0
      Params:         0       0
      Locals:         0       0
      Temps:         17       0
      Totals:        17       0
Total ram usage:       17 bytes
 Hardware stack levels used:    1
 Hardware stack levels required when called:    6
 This function calls:
		_TMR0_ISR
 This function is called by:
		Interrupt level 1
 This function uses a non-reentrant model


 *************** function _TMR0_ISR *****************
 Defined at:
		line 125 in file "mcc_generated_files/tmr0.c"
 Parameters:    Size  Location     Type
		None
 Auto vars:     Size  Location     Type
		None
 Return value:  Size  Location     Type
		None               void
 Registers used:
		wreg, status,2, status,0, cstack
 Tracked objects:
		On entry : 
		On exit  : 
		Unchanged: 
 Data sizes:     COMRAM   BANK0
      Params:         0       0
      Locals:         0       0
      Temps:          2       0
      Totals:         2       0
Total ram usage:        2 bytes
 Hardware stack levels used:    1
 Hardware stack levels required when called:    5
 This function calls:
		_TMR0_CallBack
 This function is called by:
		_INTERRUPT_InterruptManagerLow
 This function uses a non-reentrant model


 *************** function _TMR0_CallBack *****************
 Defined at:
		line 142 in file "mcc_generated_files/tmr0.c"
 Parameters:    Size  Location     Type
		None
 Auto vars:     Size  Location     Type
		None
 Return value:  Size  Location     Type
		None               void
 Registers used:
		wreg, status,2
 Tracked objects:
		On entry : 
		On exit  : 
		Unchanged: 
 Data sizes:     COMRAM   BANK0
      Params:         0       0
      Locals:         0       0
      Temps:          0       0
      Totals:         0       0
Total ram usage:        0 bytes
 Hardware stack levels used:    1
 Hardware stack levels required when called:    4
 This function calls:
		Nothing
 This function is called by:
		_TMR0_ISR
 This function uses a non-reentrant model


 *************** function _INTERRUPT_InterruptManagerHigh *****************
 Defined at:
		line 68 in file "mcc_generated_files/interrupt_manager.c"
 Parameters:    Size  Location     Type
		None
 Auto vars:     Size  Location     Type
		None
 Return value:  Size  Location     Type
		None               void
 Registers used:
		wreg, fsr2l, fsr2h, status,2, status,0, prodl, prodh, cstack
 Tracked objects:
		On entry : 
		On exit  : 
		Unchanged: 
 Data sizes:     COMRAM   BANK0
      Params:         0       0
      Locals:         0       0
      Temps:         14       0
      Totals:        14       0
Total ram usage:       14 bytes
 Hardware stack levels used:    1
 Hardware stack levels required when called:    3
 This function calls:
		_I2C_ISR
 This function is called by:
		Interrupt level 2
 This function uses a non-reentrant model


 *************** function _I2C_ISR *****************
 Defined at:
		line 106 in file "mcc_generated_files/i2c.c"
 Parameters:    Size  Location     Type
		None
 Auto vars:     Size  Location     Type
  i2c_data        1   25[COMRAM] unsigned char 
 Return value:  Size  Location     Type
		None               void
 Registers used:
		wreg, fsr2l, fsr2h, status,2, status,0, prodl, prodh, cstack
 Tracked objects:
		On entry : 
		On exit  : 
		Unchanged: 
 Data sizes:     COMRAM   BANK0
      Params:         0       0
      Locals:         1       0
      Temps:          0       0
      Totals:         1       0
Total ram usage:        1 bytes
 Hardware stack levels used:    1
 Hardware stack levels required when called:    2
 This function calls:
		_I2C_StatusCallback
 This function is called by:
		_INTERRUPT_InterruptManagerHigh
 This function uses a non-reentrant model


 *************** function _I2C_StatusCallback *****************
 Defined at:
		line 159 in file "mcc_generated_files/i2c.c"
 Parameters:    Size  Location     Type
  i2c_bus_stat    1    wreg     enum E3909
 Auto vars:     Size  Location     Type
  i2c_bus_stat    1   24[COMRAM] enum E3909
 Return value:  Size  Location     Type
		None               void
 Registers used:
		wreg, fsr2l, fsr2h, status,2, status,0, prodl, prodh, cstack
 Tracked objects:
		On entry : 
		On exit  : 
		Unchanged: 
 Data sizes:     COMRAM   BANK0
      Params:         0       0
      Locals:         1       0
      Temps:          2       0
      Totals:         3       0
Total ram usage:        3 bytes
 Hardware stack levels used:    1
 Hardware stack levels required when called:    1
 This function calls:
		_DATAEE_WriteByte
 This function is called by:
		_I2C_ISR
 This function uses a non-reentrant model


 *************** function _DATAEE_WriteByte *****************
 Defined at:
		line 154 in file "mcc_generated_files/memory.c"
 Parameters:    Size  Location     Type
  bAdd            1    wreg     unsigned char 
  bData           1   19[COMRAM] unsigned char 
 Auto vars:     Size  Location     Type
  bAdd            1   20[COMRAM] unsigned char 
  GIEBitValue     1   21[COMRAM] unsigned char 
 Return value:  Size  Location     Type
		None               void
 Registers used:
		wreg, status,2
 Tracked objects:
		On entry : 
		On exit  : 
		Unchanged: 
 Data sizes:     COMRAM   BANK0
      Params:         1       0
      Locals:         2       0
      Temps:          0       0
      Totals:         3       0
Total ram usage:        3 bytes
 Hardware stack levels used:    1
 This function calls:
		Nothing
 This function is called by:
		_I2C_StatusCallback
 This function uses a non-reentrant model



MODULE INFORMATION

Module		Function		Class		Link	Load	Size
mcc_generated_files/interrupt_manager.c
		_INTERRUPT_Init		CODE           	042A	0000	9
		_INTERRUPT_Inte		CODE           	0018	0000	151
		_INTERRUPT_Inte		CODE           	0008	0000	131

mcc_generated_files/interrupt_manager.c estimated size: 291

mcc_generated_files/i2c.c
		_I2C_StatusCall		CODE           	00B2	0000	247
		_I2C_ISR       		CODE           	029A	0000	65
		_I2C_Initialize		CODE           	03B4	0000	27

mcc_generated_files/i2c.c estimated size: 339

mcc_generated_files/tmr0.c
		_TMR0_CallBack 		CODE           	03CE	0000	25
		_TMR0_StartTime		CODE           	0432	0000	5
		_TMR0_ISR      		CODE           	0372	0000	37
		_TMR0_Initializ		CODE           	0396	0000	31

mcc_generated_files/tmr0.c estimated size: 98

mcc_generated_files/pin_manager.c
		_PIN_MANAGER_In		CODE           	034A	0000	41

mcc_generated_files/pin_manager.c estimated size: 41

shared
		__initializatio		CODE           	025A	0000	55

shared estimated size: 55

mcc_generated_files/mcc.c
		_OSCILLATOR_Ini		CODE           	0412	0000	15
		_SYSTEM_Initial		CODE           	03E6	0000	23

mcc_generated_files/mcc.c estimated size: 38

mcc_generated_files/memory.c
		_DATAEE_WriteBy		CODE           	0312	0000	57
		_DATAEE_ReadByt		CODE           	03FC	0000	23

mcc_generated_files/memory.c estimated size: 80

main.c
		_main          		CODE           	0420	0000	11
		_setup         		CODE           	02DA	0000	57

main.c estimated size: 68

